---
source: markup_fmt/tests/fmt.rs
---
<head>
  <style>
    a { text-decoration: none; }
  </style>
  <script>
  window.addEventListener('load', () => {})
  </script>
</head>

<style>
  a { text-decoration: none; }
</style>
<script>
window.addEventListener('load', () => {})
</script>
