---
source: markup_fmt/tests/fmt.rs
---
{{ export message = "Hello, world!" }}

{{ export message }}
  Hello, world!
{{ /export }}
