---
source: markup_fmt/tests/fmt.rs
---
<div></div>
<div />

<input>
<input />

<circle />
<circle />

<abs></abs>
<abs />
