---
source: markup_fmt/tests/fmt.rs
---
<!DOCTYPE html>
