---
source: markup_fmt/tests/fmt.rs
---
<template>
  <input :value='""'>
  <input :value="''">
  <input :value='""'>
  <input :value="''">
</template>
