---
source: dprint_plugin/tests/integration.rs
---
{{> console.log("Hello, world!") }}

