---
source: markup_fmt/tests/fmt.rs
---
{#each bla as blubb}<p>loooooooooooooooooooooooooooooong</p>{:else}<p>
    loooooooooooooooooooooooooooooong
  </p>{/each}

{#each bla as blubb}
  <p>loooooooooooooooooooooooooooooong</p>
{:else}
  <p>loooooooooooooooooooooooooooooong</p>
{/each}

{#each bla as blubb}<p>loooooooooooooooooooooooooooooong</p><p>
    loooooooooooooooooooooooooooooong
  </p>{:else}<p>loooooooooooooooooooooooooooooong</p><p>
    loooooooooooooooooooooooooooooong
  </p>{/each}
