---
source: markup_fmt/tests/fmt.rs
---
{#if answer === 42}
  <p>what was the question?</p>
{/if}
