---
source: dprint_plugin/tests/integration.rs
---
---
const a = `
---
`;

const b = `
${"---"}
---
${`
---
`}
`;

/*
---
*/
// ---

const obj = { a: { b: { c: { d: e } } } };

const c = ` ${{ a: { b: { c: `---`, d: `\`` } } }}  `;
---

<div class="a"></div>
