---
source: markup_fmt/tests/fmt.rs
---
<template>
  <div :title></div>
  <div :title></div>
  <div :title="myTitle"></div>
  <div @click="click"></div>
</template>
