---
source: markup_fmt/tests/fmt.rs
---
<template>
  <button v-on:click=""></button>
  <button v-on:click.prevent=""></button>
  <button v-on:click=""></button>
  <button v-on:click.prevent=""></button>
  <button v-on></button>
</template>
