---
source: markup_fmt/tests/fmt.rs
---
<template>
  <button @click=""></button>
  <button @click.prevent=""></button>
  <button @click=""></button>
  <button @click.prevent=""></button>
</template>

