---
source: markup_fmt/tests/fmt.rs
---
<span> 321 </span>

<span> <a>321</a> </span>

