---
source: markup_fmt/tests/fmt.rs
---
<div>
  <Tag />
  Text
  <Tag />

  Text

  <Tag />

  Text

  <Tag />
</div>
