---
source: markup_fmt/tests/fmt.rs
---
{{ include 'filename.vto' }}

{{ include `${ name }.vto` }}

{{ include './filename.vto' {name:"Ã“scar"} }}

