---
source: markup_fmt/tests/fmt.rs
---
<template>
  <Input></Input>
</template>
