---
source: markup_fmt/tests/fmt.rs
---
<template>
  <button v-bind:type=""></button>
  <button v-bind:type.sync=""></button>
  <button v-bind:type=""></button>
  <button v-bind:type.sync=""></button>
</template>

