---
source: markup_fmt/tests/fmt.rs
---
<template>
  <button :type=""></button>
  <button :type.sync=""></button>
  <button :type=""></button>
  <button :type.sync=""></button>
  <button v-bind></button>
</template>
