---
source: markup_fmt/tests/fmt.rs
---
<div CaseSensitive></div>

