---
source: markup_fmt/tests/fmt.rs
---
<div
  smart-quotes='123 " 456'
  smart-quotes="123 ' 456"
  smart-quotes="123 &apos;&quot; 456"
>
</div>

