---
source: markup_fmt/tests/fmt.rs
---
<template>
  <div v-for="a of b"></div>
  <div v-for="a of b"></div>
</template>

