---
source: markup_fmt/tests/fmt.rs
---
<? hello ?>
<!- world ->

