---
source: markup_fmt/tests/fmt.rs
---
---
import Comp from "./comp.astro"
---
<Comp {options} />
<Comp {options} />
<Comp {options} />
