---
source: markup_fmt/tests/fmt.rs
---
---
description: A pluggable and configurable code formatting platform written in Rust.
layout: layouts/base.njk
---

<html></html>
