---
source: markup_fmt/tests/fmt.rs
---
<!DOCTYPE html>
<html>
  <head></head>
  <body></body>
</html>
