---
source: markup_fmt/tests/fmt.rs
---
<strong>a</strong>-&gt;<strong>b</strong>-&gt;
