---
source: markup_fmt/tests/fmt.rs
---
<html>
  <head>
    <meta charset="UTF-8">
    <link rel="stylesheet" href="code-guide.css">
  </head>
  <body></body>
</html>

