---
source: markup_fmt/tests/fmt.rs
---
<template>
  <MyComponent />
  <MyComponent />
</template>

