---
source: markup_fmt/tests/fmt.rs
---
{{# This is a comment! #}}
