---
source: markup_fmt/tests/fmt.rs
---
---
const content = "lorem"
---

<h1 set:html={content}></h1>

<Component set:html={content}></Component>

